src/components/BorrowingHint.tsx(179,31): error TS2345: Argument of type '["common.prev"]' is not assignable to parameter of type '[key: string | string[], options: TOptionsBase & $Dictionary & { defaultValue: string; }] | [key: string | string[], defaultValue: string, options?: (TOptionsBase & $Dictionary) | undefined] | [key: ...]'.
  Type '["common.prev"]' is not assignable to type '[key: "practice.chooseMode" | "practice.chooseModeDesc" | "practice.noRecord" | "practice.time.title" | "practice.time.desc" | "practice.zen.title" | "practice.zen.desc" | ... 215 more ... | ("practice.chooseMode" | ... 220 more ... | TemplateStringsArray)[], options?: (TOptionsBase & $Dictionary) | undefined]'.
    Type at position 0 in source is not compatible with type at position 0 in target.
      Type '"common.prev"' is not assignable to type '"practice.chooseMode" | "practice.chooseModeDesc" | "practice.noRecord" | "practice.time.title" | "practice.time.desc" | "practice.zen.title" | "practice.zen.desc" | "practice.survival.title" | ... 214 more ... | ("practice.chooseMode" | ... 220 more ... | TemplateStringsArray)[]'.
src/components/BorrowingHint.tsx(187,31): error TS2345: Argument of type '["common.next"]' is not assignable to parameter of type '[key: string | string[], options: TOptionsBase & $Dictionary & { defaultValue: string; }] | [key: string | string[], defaultValue: string, options?: (TOptionsBase & $Dictionary) | undefined] | [key: ...]'.
  Type '["common.next"]' is not assignable to type '[key: "practice.chooseMode" | "practice.chooseModeDesc" | "practice.noRecord" | "practice.time.title" | "practice.time.desc" | "practice.zen.title" | "practice.zen.desc" | ... 215 more ... | ("practice.chooseMode" | ... 220 more ... | TemplateStringsArray)[], options?: (TOptionsBase & $Dictionary) | undefined]'.
    Type at position 0 in source is not compatible with type at position 0 in target.
      Type '"common.next"' is not assignable to type '"practice.chooseMode" | "practice.chooseModeDesc" | "practice.noRecord" | "practice.time.title" | "practice.time.desc" | "practice.zen.title" | "practice.zen.desc" | "practice.survival.title" | ... 214 more ... | ("practice.chooseMode" | ... 220 more ... | TemplateStringsArray)[]'.
src/components/BorrowingHint.tsx(291,35): error TS2345: Argument of type '["game.hints.simpleCalc"]' is not assignable to parameter of type '[key: string | string[], options: TOptionsBase & $Dictionary & { defaultValue: string; }] | [key: string | string[], defaultValue: string, options?: (TOptionsBase & $Dictionary) | undefined] | [key: ...]'.
  Type '["game.hints.simpleCalc"]' is not assignable to type '[key: "practice.chooseMode" | "practice.chooseModeDesc" | "practice.noRecord" | "practice.time.title" | "practice.time.desc" | "practice.zen.title" | "practice.zen.desc" | ... 215 more ... | ("practice.chooseMode" | ... 220 more ... | TemplateStringsArray)[], options?: (TOptionsBase & $Dictionary) | undefined]'.
    Type at position 0 in source is not compatible with type at position 0 in target.
      Type '"game.hints.simpleCalc"' is not assignable to type '"practice.chooseMode" | "practice.chooseModeDesc" | "practice.noRecord" | "practice.time.title" | "practice.time.desc" | "practice.zen.title" | "practice.zen.desc" | "practice.survival.title" | ... 214 more ... | ("practice.chooseMode" | ... 220 more ... | TemplateStringsArray)[]'.
src/components/BorrowingHint.tsx(309,39): error TS2345: Argument of type '["common.step", { step: number; }]' is not assignable to parameter of type '[key: "practice.chooseMode" | "practice.chooseModeDesc" | "practice.noRecord" | "practice.time.title" | "practice.time.desc" | "practice.zen.title" | "practice.zen.desc" | ... 215 more ... | ("practice.chooseMode" | ... 220 more ... | TemplateStringsArray)[], options?: { ...; } | undefined] | [key: ...] | [key: ...]'.
  Type '["common.step", { step: number; }]' is not assignable to type '[key: string | string[], defaultValue: string, options?: ({ readonly step: number; } & $Dictionary) | undefined]'.
    Type at position 1 in source is not compatible with type at position 1 in target.
      Type '{ step: number; }' is not assignable to type 'string'.
src/components/BorrowingHint.tsx(321,24): error TS2345: Argument of type '["common.prev"]' is not assignable to parameter of type '[key: string | string[], options: TOptionsBase & $Dictionary & { defaultValue: string; }] | [key: string | string[], defaultValue: string, options?: (TOptionsBase & $Dictionary) | undefined] | [key: ...]'.
  Type '["common.prev"]' is not assignable to type '[key: "practice.chooseMode" | "practice.chooseModeDesc" | "practice.noRecord" | "practice.time.title" | "practice.time.desc" | "practice.zen.title" | "practice.zen.desc" | ... 215 more ... | ("practice.chooseMode" | ... 220 more ... | TemplateStringsArray)[], options?: (TOptionsBase & $Dictionary) | undefined]'.
    Type at position 0 in source is not compatible with type at position 0 in target.
      Type '"common.prev"' is not assignable to type '"practice.chooseMode" | "practice.chooseModeDesc" | "practice.noRecord" | "practice.time.title" | "practice.time.desc" | "practice.zen.title" | "practice.zen.desc" | "practice.survival.title" | ... 214 more ... | ("practice.chooseMode" | ... 220 more ... | TemplateStringsArray)[]'.
src/components/BorrowingHint.tsx(328,24): error TS2345: Argument of type '["common.next"]' is not assignable to parameter of type '[key: string | string[], options: TOptionsBase & $Dictionary & { defaultValue: string; }] | [key: string | string[], defaultValue: string, options?: (TOptionsBase & $Dictionary) | undefined] | [key: ...]'.
  Type '["common.next"]' is not assignable to type '[key: "practice.chooseMode" | "practice.chooseModeDesc" | "practice.noRecord" | "practice.time.title" | "practice.time.desc" | "practice.zen.title" | "practice.zen.desc" | ... 215 more ... | ("practice.chooseMode" | ... 220 more ... | TemplateStringsArray)[], options?: (TOptionsBase & $Dictionary) | undefined]'.
    Type at position 0 in source is not compatible with type at position 0 in target.
      Type '"common.next"' is not assignable to type '"practice.chooseMode" | "practice.chooseModeDesc" | "practice.noRecord" | "practice.time.title" | "practice.time.desc" | "practice.zen.title" | "practice.zen.desc" | "practice.survival.title" | ... 214 more ... | ("practice.chooseMode" | ... 220 more ... | TemplateStringsArray)[]'.
src/components/GameMenuModal.tsx(130,51): error TS2345: Argument of type '["common.close"]' is not assignable to parameter of type '[key: string | string[], options: TOptionsBase & $Dictionary & { defaultValue: string; }] | [key: string | string[], defaultValue: string, options?: (TOptionsBase & $Dictionary) | undefined] | [key: ...]'.
  Type '["common.close"]' is not assignable to type '[key: "practice.chooseMode" | "practice.chooseModeDesc" | "practice.noRecord" | "practice.time.title" | "practice.time.desc" | "practice.zen.title" | "practice.zen.desc" | ... 215 more ... | ("practice.chooseMode" | ... 220 more ... | TemplateStringsArray)[], options?: (TOptionsBase & $Dictionary) | undefined]'.
    Type at position 0 in source is not compatible with type at position 0 in target.
      Type '"common.close"' is not assignable to type '"practice.chooseMode" | "practice.chooseModeDesc" | "practice.noRecord" | "practice.time.title" | "practice.time.desc" | "practice.zen.title" | "practice.zen.desc" | "practice.survival.title" | ... 214 more ... | ("practice.chooseMode" | ... 220 more ... | TemplateStringsArray)[]'. Did you mean '"app.common.close"'?
src/components/GameOrchestrator.tsx(108,33): error TS2345: Argument of type '[`saga.${string}_title`]' is not assignable to parameter of type '[key: string | string[], options: TOptionsBase & $Dictionary & { defaultValue: string; }] | [key: string | string[], defaultValue: string, options?: (TOptionsBase & $Dictionary) | undefined] | [key: ...]'.
  Type '[`saga.${string}_title`]' is not assignable to type '[key: "practice.chooseMode" | "practice.chooseModeDesc" | "practice.noRecord" | "practice.time.title" | "practice.time.desc" | "practice.zen.title" | "practice.zen.desc" | ... 215 more ... | ("practice.chooseMode" | ... 220 more ... | TemplateStringsArray)[], options?: (TOptionsBase & $Dictionary) | undefined]'.
    Type at position 0 in source is not compatible with type at position 0 in target.
      Type '`saga.${string}_title`' is not assignable to type '"practice.chooseMode" | "practice.chooseModeDesc" | "practice.noRecord" | "practice.time.title" | "practice.time.desc" | "practice.zen.title" | "practice.zen.desc" | "practice.survival.title" | ... 214 more ... | ("practice.chooseMode" | ... 220 more ... | TemplateStringsArray)[]'.
src/components/games/ModeSelectorOverlay.tsx(122,43): error TS2345: Argument of type '["common.close"]' is not assignable to parameter of type '[key: string | string[], options: TOptionsBase & $Dictionary & { defaultValue: string; }] | [key: string | string[], defaultValue: string, options?: (TOptionsBase & $Dictionary) | undefined] | [key: ...]'.
  Type '["common.close"]' is not assignable to type '[key: "practice.chooseMode" | "practice.chooseModeDesc" | "practice.noRecord" | "practice.time.title" | "practice.time.desc" | "practice.zen.title" | "practice.zen.desc" | ... 215 more ... | ("practice.chooseMode" | ... 220 more ... | TemplateStringsArray)[], options?: (TOptionsBase & $Dictionary) | undefined]'.
    Type at position 0 in source is not compatible with type at position 0 in target.
      Type '"common.close"' is not assignable to type '"practice.chooseMode" | "practice.chooseModeDesc" | "practice.noRecord" | "practice.time.title" | "practice.time.desc" | "practice.zen.title" | "practice.zen.desc" | "practice.survival.title" | ... 214 more ... | ("practice.chooseMode" | ... 220 more ... | TemplateStringsArray)[]'. Did you mean '"app.common.close"'?
src/components/lessons/LessonModal.tsx(71,36): error TS2345: Argument of type '[string]' is not assignable to parameter of type '[key: string | string[], options: TOptionsBase & $Dictionary & { defaultValue: string; }] | [key: string | string[], defaultValue: string, options?: (TOptionsBase & $Dictionary) | undefined] | [key: ...]'.
  Type '[string]' is not assignable to type '[key: "practice.chooseMode" | "practice.chooseModeDesc" | "practice.noRecord" | "practice.time.title" | "practice.time.desc" | "practice.zen.title" | "practice.zen.desc" | ... 215 more ... | ("practice.chooseMode" | ... 220 more ... | TemplateStringsArray)[], options?: (TOptionsBase & $Dictionary) | undefined]'.
    Type at position 0 in source is not compatible with type at position 0 in target.
      Type 'string' is not assignable to type '"practice.chooseMode" | "practice.chooseModeDesc" | "practice.noRecord" | "practice.time.title" | "practice.time.desc" | "practice.zen.title" | "practice.zen.desc" | "practice.survival.title" | ... 214 more ... | ("practice.chooseMode" | ... 220 more ... | TemplateStringsArray)[]'.
src/components/lessons/LessonModal.tsx(190,37): error TS2345: Argument of type '[string]' is not assignable to parameter of type '[key: string | string[], options: TOptionsBase & $Dictionary & { defaultValue: string; }] | [key: string | string[], defaultValue: string, options?: (TOptionsBase & $Dictionary) | undefined] | [key: ...]'.
  Type '[string]' is not assignable to type '[key: "practice.chooseMode" | "practice.chooseModeDesc" | "practice.noRecord" | "practice.time.title" | "practice.time.desc" | "practice.zen.title" | "practice.zen.desc" | ... 215 more ... | ("practice.chooseMode" | ... 220 more ... | TemplateStringsArray)[], options?: (TOptionsBase & $Dictionary) | undefined]'.
    Type at position 0 in source is not compatible with type at position 0 in target.
      Type 'string' is not assignable to type '"practice.chooseMode" | "practice.chooseModeDesc" | "practice.noRecord" | "practice.time.title" | "practice.time.desc" | "practice.zen.title" | "practice.zen.desc" | "practice.survival.title" | ... 214 more ... | ("practice.chooseMode" | ... 220 more ... | TemplateStringsArray)[]'.
src/components/MapZone.tsx(39,77): error TS2345: Argument of type '[string]' is not assignable to parameter of type '[key: string | string[], options: TOptionsBase & $Dictionary & { defaultValue: string; }] | [key: string | string[], defaultValue: string, options?: (TOptionsBase & $Dictionary) | undefined] | [key: ...]'.
  Type '[string]' is not assignable to type '[key: "practice.chooseMode" | "practice.chooseModeDesc" | "practice.noRecord" | "practice.time.title" | "practice.time.desc" | "practice.zen.title" | "practice.zen.desc" | ... 215 more ... | ("practice.chooseMode" | ... 220 more ... | TemplateStringsArray)[], options?: (TOptionsBase & $Dictionary) | undefined]'.
    Type at position 0 in source is not compatible with type at position 0 in target.
      Type 'string' is not assignable to type '"practice.chooseMode" | "practice.chooseModeDesc" | "practice.noRecord" | "practice.time.title" | "practice.time.desc" | "practice.zen.title" | "practice.zen.desc" | "practice.survival.title" | ... 214 more ... | ("practice.chooseMode" | ... 220 more ... | TemplateStringsArray)[]'.
src/components/MapZone.tsx(40,66): error TS2345: Argument of type '[string]' is not assignable to parameter of type '[key: string | string[], options: TOptionsBase & $Dictionary & { defaultValue: string; }] | [key: string | string[], defaultValue: string, options?: (TOptionsBase & $Dictionary) | undefined] | [key: ...]'.
  Type '[string]' is not assignable to type '[key: "practice.chooseMode" | "practice.chooseModeDesc" | "practice.noRecord" | "practice.time.title" | "practice.time.desc" | "practice.zen.title" | "practice.zen.desc" | ... 215 more ... | ("practice.chooseMode" | ... 220 more ... | TemplateStringsArray)[], options?: (TOptionsBase & $Dictionary) | undefined]'.
    Type at position 0 in source is not compatible with type at position 0 in target.
      Type 'string' is not assignable to type '"practice.chooseMode" | "practice.chooseModeDesc" | "practice.noRecord" | "practice.time.title" | "practice.time.desc" | "practice.zen.title" | "practice.zen.desc" | "practice.survival.title" | ... 214 more ... | ("practice.chooseMode" | ... 220 more ... | TemplateStringsArray)[]'.
src/components/math-card/WordProblemView.tsx(25,20): error TS2345: Argument of type '[string, Record<string, string | number>]' is not assignable to parameter of type '[key: "practice.chooseMode" | "practice.chooseModeDesc" | "practice.noRecord" | "practice.time.title" | "practice.time.desc" | "practice.zen.title" | "practice.zen.desc" | ... 224 more ... | ("practice.chooseMode" | ... 229 more ... | "saga.pop")[], options?: Record<...> | undefined] | [key: ...] | [key: ...]'.
  Type '[string, Record<string, string | number>]' is not assignable to type '[key: string | string[], defaultValue: string, options?: (Record<string, string | number> & $Dictionary) | undefined]'.
    Type at position 1 in source is not compatible with type at position 1 in target.
      Type 'Record<string, string | number>' is not assignable to type 'string'.
src/components/practice/PracticeHeader.tsx(63,78): error TS2345: Argument of type '[string]' is not assignable to parameter of type '[key: string | string[], options: TOptionsBase & $Dictionary & { defaultValue: string; }] | [key: string | string[], defaultValue: string, options?: (TOptionsBase & $Dictionary) | undefined] | [key: ...]'.
  Type '[string]' is not assignable to type '[key: "practice.chooseMode" | "practice.chooseModeDesc" | "practice.noRecord" | "practice.time.title" | "practice.time.desc" | "practice.zen.title" | "practice.zen.desc" | ... 215 more ... | ("practice.chooseMode" | ... 220 more ... | TemplateStringsArray)[], options?: (TOptionsBase & $Dictionary) | undefined]'.
    Type at position 0 in source is not compatible with type at position 0 in target.
      Type 'string' is not assignable to type '"practice.chooseMode" | "practice.chooseModeDesc" | "practice.noRecord" | "practice.time.title" | "practice.time.desc" | "practice.zen.title" | "practice.zen.desc" | "practice.survival.title" | ... 214 more ... | ("practice.chooseMode" | ... 220 more ... | TemplateStringsArray)[]'.
src/components/PracticeMode.tsx(196,27): error TS2345: Argument of type '[string]' is not assignable to parameter of type '[key: string | string[], options: TOptionsBase & $Dictionary & { defaultValue: string; }] | [key: string | string[], defaultValue: string, options?: (TOptionsBase & $Dictionary) | undefined] | [key: ...]'.
  Type '[string]' is not assignable to type '[key: "practice.chooseMode" | "practice.chooseModeDesc" | "practice.noRecord" | "practice.time.title" | "practice.time.desc" | "practice.zen.title" | "practice.zen.desc" | ... 215 more ... | ("practice.chooseMode" | ... 220 more ... | TemplateStringsArray)[], options?: (TOptionsBase & $Dictionary) | undefined]'.
    Type at position 0 in source is not compatible with type at position 0 in target.
      Type 'string' is not assignable to type '"practice.chooseMode" | "practice.chooseModeDesc" | "practice.noRecord" | "practice.time.title" | "practice.time.desc" | "practice.zen.title" | "practice.zen.desc" | "practice.survival.title" | ... 214 more ... | ("practice.chooseMode" | ... 220 more ... | TemplateStringsArray)[]'.
src/components/SettingsModal.tsx(100,51): error TS2345: Argument of type '["settings.debugCopied"]' is not assignable to parameter of type '[key: "practice.chooseMode" | "practice.chooseModeDesc" | "practice.noRecord" | "practice.time.title" | "practice.time.desc" | "practice.zen.title" | "practice.zen.desc" | ... 215 more ... | ("practice.chooseMode" | ... 220 more ... | TemplateStringsArray)[], options?: (TOptionsBase & $Dictionary) | undefined] | [ke...'.
  Type '["settings.debugCopied"]' is not assignable to type '[key: "practice.chooseMode" | "practice.chooseModeDesc" | "practice.noRecord" | "practice.time.title" | "practice.time.desc" | "practice.zen.title" | "practice.zen.desc" | ... 215 more ... | ("practice.chooseMode" | ... 220 more ... | TemplateStringsArray)[], options?: (TOptionsBase & $Dictionary) | undefined]'.
    Type at position 0 in source is not compatible with type at position 0 in target.
      Type '"settings.debugCopied"' is not assignable to type '"practice.chooseMode" | "practice.chooseModeDesc" | "practice.noRecord" | "practice.time.title" | "practice.time.desc" | "practice.zen.title" | "practice.zen.desc" | "practice.survival.title" | ... 214 more ... | ("practice.chooseMode" | ... 220 more ... | TemplateStringsArray)[]'.
